{"processed": 500, "elapsed_seconds": 18.27, "v1_candidates": null, "v2_candidates": null, "v3_candidates": 234, "v4_candidates": null}
{"processed": 1000, "elapsed_seconds": 38.38, "v1_candidates": null, "v2_candidates": null, "v3_candidates": 491, "v4_candidates": null}
{"processed": 1500, "elapsed_seconds": 58.44, "v1_candidates": null, "v2_candidates": null, "v3_candidates": 741, "v4_candidates": null}
{"processed": 2000, "elapsed_seconds": 77.47, "v1_candidates": null, "v2_candidates": null, "v3_candidates": 988, "v4_candidates": null}
{"processed": 2500, "elapsed_seconds": 96.05, "v1_candidates": null, "v2_candidates": null, "v3_candidates": 1223, "v4_candidates": null}
{
  "input_path": "data_expert3_fixed_paths.jsonl",
  "input_records": 2500,
  "start_index": 7501,
  "limit": 2500,
  "elapsed_seconds": 96.054,
  "category_records": {
    "Rects": 2500
  },
  "branches": {
    "v3_delete": {
      "branch": "V3 delete",
      "candidates": 1223,
      "validated": 1223,
      "failed_validation": 0,
      "pass_rate_percent": 100.0,
      "by_category": {
        "Circles": {
          "candidates": 0,
          "validated": 0,
          "failed_validation": 0,
          "pass_rate_percent": 0.0
        },
        "Polygons": {
          "candidates": 0,
          "validated": 0,
          "failed_validation": 0,
          "pass_rate_percent": 0.0
        },
        "Rects": {
          "candidates": 1223,
          "validated": 1223,
          "failed_validation": 0,
          "pass_rate_percent": 100.0
        }
      },
      "by_edit_type": {
        "delete_chamfer": {
          "candidates": 634,
          "validated": 634,
          "failed_validation": 0,
          "pass_rate_percent": 100.0
        },
        "delete_fillet": {
          "candidates": 589,
          "validated": 589,
          "failed_validation": 0,
          "pass_rate_percent": 100.0
        }
      },
      "top_rejection_reasons": {
        "skipped_no_delete_candidate": 1247,
        "skipped_syntax_error": 20,
        "syntax_error:unexpected indent (<unknown>, line 3)": 18,
        "skipped_geometry_error": 10,
        "geometry_error:result variable was not defined": 10,
        "syntax_error:invalid syntax (<unknown>, line 4)": 1,
        "syntax_error:unexpected indent (<unknown>, line 2)": 1
      }
    }
  },
  "v4_hole_diagnostics": {
    "overall": {
      "hole_parse_error_records": 20,
      "circular_cutout_via_cut_circle_extrude": 0
    },
    "by_category": {
      "Rects": {
        "hole_parse_error_records": 20,
        "circular_cutout_via_cut_circle_extrude": 0
      }
    }
  },
  "sample_seen_counts": {
    "delete_chamfer": 634,
    "delete_fillet": 589
  },
  "sample_records_path": "C:\\Users\\13105\\Desktop\\AAAI\\outputs\\coverage_v3_delete_expanded\\chunks\\chunk_04\\preview_samples.jsonl",
  "render_gallery_path": "C:\\Users\\13105\\Desktop\\AAAI\\outputs\\coverage_v3_delete_expanded\\chunks\\chunk_04\\preview_gallery\\index.html"
}

