{"processed": 500, "elapsed_seconds": 292.36, "v1_candidates": 1306, "v2_candidates": 1868, "v3_candidates": 156, "v4_candidates": 0}
{"processed": 1000, "elapsed_seconds": 578.49, "v1_candidates": 2599, "v2_candidates": 3740, "v3_candidates": 298, "v4_candidates": 0}
{"processed": 1500, "elapsed_seconds": 873.65, "v1_candidates": 3898, "v2_candidates": 5600, "v3_candidates": 458, "v4_candidates": 0}
{"processed": 2000, "elapsed_seconds": 1064.79, "v1_candidates": 4653, "v2_candidates": 7596, "v3_candidates": 458, "v4_candidates": 0}
{"processed": 2500, "elapsed_seconds": 1242.43, "v1_candidates": 5376, "v2_candidates": 9572, "v3_candidates": 458, "v4_candidates": 0}
{
  "input_path": "data_expert3_fixed_paths.jsonl",
  "input_records": 2500,
  "start_index": 1,
  "limit": 2500,
  "elapsed_seconds": 1242.439,
  "category_records": {
    "Circles": 1500,
    "Rects": 1000
  },
  "branches": {
    "v1_parameter": {
      "branch": "V1 parameter",
      "candidates": 5376,
      "validated": 5310,
      "failed_validation": 66,
      "pass_rate_percent": 98.7723,
      "by_category": {
        "Circles": {
          "candidates": 3898,
          "validated": 3873,
          "failed_validation": 25,
          "pass_rate_percent": 99.3586
        },
        "Polygons": {
          "candidates": 0,
          "validated": 0,
          "failed_validation": 0,
          "pass_rate_percent": 0.0
        },
        "Rects": {
          "candidates": 1478,
          "validated": 1437,
          "failed_validation": 41,
          "pass_rate_percent": 97.226
        }
      },
      "by_edit_type": {
        "chamfer": {
          "candidates": 245,
          "validated": 224,
          "failed_validation": 21,
          "pass_rate_percent": 91.4286
        },
        "circle": {
          "candidates": 1963,
          "validated": 1949,
          "failed_validation": 14,
          "pass_rate_percent": 99.2868
        },
        "extrude": {
          "candidates": 2467,
          "validated": 2456,
          "failed_validation": 11,
          "pass_rate_percent": 99.5541
        },
        "fillet": {
          "candidates": 240,
          "validated": 220,
          "failed_validation": 20,
          "pass_rate_percent": 91.6667
        },
        "hole": {
          "candidates": 461,
          "validated": 461,
          "failed_validation": 0,
          "pass_rate_percent": 100.0
        }
      },
      "top_rejection_reasons": {
        "validation:StdFail_NotDone: BRep_API: command not done": 41,
        "skipped_original_syntax_error": 28,
        "validation:result variable was not defined": 25,
        "skipped_no_candidates": 2
      }
    },
    "v2_add": {
      "branch": "V2 add",
      "candidates": 9572,
      "validated": 9572,
      "failed_validation": 0,
      "pass_rate_percent": 100.0,
      "by_category": {
        "Circles": {
          "candidates": 5600,
          "validated": 5600,
          "failed_validation": 0,
          "pass_rate_percent": 100.0
        },
        "Polygons": {
          "candidates": 0,
          "validated": 0,
          "failed_validation": 0,
          "pass_rate_percent": 0.0
        },
        "Rects": {
          "candidates": 3972,
          "validated": 3972,
          "failed_validation": 0,
          "pass_rate_percent": 100.0
        }
      },
      "by_edit_type": {
        "add_blind_hole": {
          "candidates": 2393,
          "validated": 2393,
          "failed_validation": 0,
          "pass_rate_percent": 100.0
        },
        "add_pocket": {
          "candidates": 2393,
          "validated": 2393,
          "failed_validation": 0,
          "pass_rate_percent": 100.0
        },
        "add_rectangular_slot": {
          "candidates": 2393,
          "validated": 2393,
          "failed_validation": 0,
          "pass_rate_percent": 100.0
        },
        "add_through_hole": {
          "candidates": 2393,
          "validated": 2393,
          "failed_validation": 0,
          "pass_rate_percent": 100.0
        }
      },
      "top_rejection_reasons": {
        "skipped_bad_candidate_geometry": 252,
        "skipped_geometry_error": 44,
        "geometry_error:unexpected indent (<cadquery_source>, line 3)": 23,
        "geometry_error:result variable was not defined": 16,
        "geometry_error:unexpected indent (<cadquery_source>, line 2)": 3,
        "geometry_error:invalid syntax (<cadquery_source>, line 2)": 2
      }
    },
    "v3_delete_hole": {
      "branch": "V3 delete_hole",
      "candidates": 458,
      "validated": 458,
      "failed_validation": 0,
      "pass_rate_percent": 100.0,
      "by_category": {
        "Circles": {
          "candidates": 458,
          "validated": 458,
          "failed_validation": 0,
          "pass_rate_percent": 100.0
        },
        "Polygons": {
          "candidates": 0,
          "validated": 0,
          "failed_validation": 0,
          "pass_rate_percent": 0.0
        },
        "Rects": {
          "candidates": 0,
          "validated": 0,
          "failed_validation": 0,
          "pass_rate_percent": 0.0
        }
      },
      "by_edit_type": {
        "delete_hole": {
          "candidates": 458,
          "validated": 458,
          "failed_validation": 0,
          "pass_rate_percent": 100.0
        }
      },
      "top_rejection_reasons": {
        "skipped_no_delete_candidate": 1998,
        "skipped_unsupported_hole_context": 461,
        "skipped_syntax_error": 28,
        "syntax_error:unexpected indent (<unknown>, line 3)": 23,
        "skipped_geometry_error": 16,
        "geometry_error:result variable was not defined": 16,
        "syntax_error:unexpected indent (<unknown>, line 2)": 3,
        "syntax_error:invalid syntax (<unknown>, line 2)": 2
      }
    },
    "v4_replace_hole_with_slot": {
      "branch": "V4 replace_hole_with_slot",
      "candidates": 0,
      "validated": 0,
      "failed_validation": 0,
      "pass_rate_percent": 0.0,
      "by_category": {
        "Circles": {
          "candidates": 0,
          "validated": 0,
          "failed_validation": 0,
          "pass_rate_percent": 0.0
        },
        "Polygons": {
          "candidates": 0,
          "validated": 0,
          "failed_validation": 0,
          "pass_rate_percent": 0.0
        },
        "Rects": {
          "candidates": 0,
          "validated": 0,
          "failed_validation": 0,
          "pass_rate_percent": 0.0
        }
      },
      "by_edit_type": {},
      "top_rejection_reasons": {
        "skipped_no_replace_candidate": 2500,
        "delete_skipped_no_delete_candidate": 1998,
        "delete_skipped_unsupported_hole_context": 461,
        "skipped_batch_hole": 458,
        "delete_skipped_syntax_error": 28,
        "delete_syntax_error:unexpected indent (<unknown>, line 3)": 23,
        "delete_skipped_geometry_error": 16,
        "delete_geometry_error:result variable was not defined": 16,
        "delete_syntax_error:unexpected indent (<unknown>, line 2)": 3,
        "delete_syntax_error:invalid syntax (<unknown>, line 2)": 2
      }
    }
  },
  "v4_hole_diagnostics": {
    "overall": {
      "circular_cutout_via_cut_circle_extrude": 475,
      "hole_calls_total": 461,
      "simple_loop_holes": 458,
      "hole_parse_error_records": 28,
      "other_unsupported_hole_contexts": 3
    },
    "by_category": {
      "Circles": {
        "circular_cutout_via_cut_circle_extrude": 475,
        "hole_calls_total": 461,
        "simple_loop_holes": 458,
        "hole_parse_error_records": 23,
        "other_unsupported_hole_contexts": 3
      },
      "Rects": {
        "hole_parse_error_records": 5,
        "circular_cutout_via_cut_circle_extrude": 0
      }
    }
  },
  "sample_seen_counts": {
    "add_blind_hole": 2393,
    "add_pocket": 2393,
    "add_rectangular_slot": 2393,
    "add_through_hole": 2393,
    "chamfer": 224,
    "circle": 1949,
    "delete_hole": 458,
    "extrude": 2456,
    "fillet": 220,
    "hole": 461
  },
  "sample_records_path": "outputs\\coverage_expert3\\chunks\\chunk_00\\preview_samples.jsonl",
  "render_gallery_path": "outputs\\coverage_expert3\\chunks\\chunk_00\\preview_gallery\\index.html"
}

