{"processed": 500, "elapsed_seconds": 34.14, "v1_candidates": null, "v2_candidates": null, "v3_candidates": 368, "v4_candidates": null}
{"processed": 1000, "elapsed_seconds": 68.18, "v1_candidates": null, "v2_candidates": null, "v3_candidates": 737, "v4_candidates": null}
{"processed": 1500, "elapsed_seconds": 92.29, "v1_candidates": null, "v2_candidates": null, "v3_candidates": 1057, "v4_candidates": null}
{"processed": 2000, "elapsed_seconds": 112.97, "v1_candidates": null, "v2_candidates": null, "v3_candidates": 1329, "v4_candidates": null}
{
  "input_path": "data_expert3_fixed_paths.jsonl",
  "input_records": 2435,
  "start_index": 12501,
  "limit": 2435,
  "elapsed_seconds": 137.929,
  "category_records": {
    "Circles": 500,
    "Polygons": 1435,
    "Rects": 500
  },
  "branches": {
    "v3_delete": {
      "branch": "V3 delete",
      "candidates": 1645,
      "validated": 1001,
      "failed_validation": 644,
      "pass_rate_percent": 60.8511,
      "by_category": {
        "Circles": {
          "candidates": 324,
          "validated": 324,
          "failed_validation": 0,
          "pass_rate_percent": 100.0
        },
        "Polygons": {
          "candidates": 1058,
          "validated": 414,
          "failed_validation": 644,
          "pass_rate_percent": 39.1304
        },
        "Rects": {
          "candidates": 263,
          "validated": 263,
          "failed_validation": 0,
          "pass_rate_percent": 100.0
        }
      },
      "by_edit_type": {
        "delete_chamfer": {
          "candidates": 127,
          "validated": 127,
          "failed_validation": 0,
          "pass_rate_percent": 100.0
        },
        "delete_circular_cutout": {
          "candidates": 178,
          "validated": 178,
          "failed_validation": 0,
          "pass_rate_percent": 100.0
        },
        "delete_fillet": {
          "candidates": 484,
          "validated": 136,
          "failed_validation": 348,
          "pass_rate_percent": 28.0992
        },
        "delete_hole": {
          "candidates": 502,
          "validated": 206,
          "failed_validation": 296,
          "pass_rate_percent": 41.0359
        },
        "delete_polygonal_cutout": {
          "candidates": 354,
          "validated": 354,
          "failed_validation": 0,
          "pass_rate_percent": 100.0
        }
      },
      "top_rejection_reasons": {
        "skipped_no_delete_candidate": 764,
        "validation:failed check: bbox_stable": 607,
        "skipped_unsupported_hole_context": 506,
        "validation:failed check: changed_region_not_global": 35,
        "skipped_syntax_error": 15,
        "syntax_error:unexpected indent (<unknown>, line 3)": 12,
        "skipped_geometry_error": 11,
        "geometry_error:result variable was not defined": 11,
        "skipped_unsupported_cut_context": 5,
        "syntax_error:unexpected indent (<unknown>, line 2)": 2,
        "validation:changed-region check failed: Bnd_Box is void": 2,
        "syntax_error:invalid syntax (<unknown>, line 2)": 1
      }
    }
  },
  "v4_hole_diagnostics": {
    "overall": {
      "hole_calls_total": 506,
      "simple_loop_holes": 502,
      "circular_cutout_via_cut_circle_extrude": 179,
      "hole_parse_error_records": 15,
      "other_unsupported_hole_contexts": 4
    },
    "by_category": {
      "Circles": {
        "circular_cutout_via_cut_circle_extrude": 179,
        "hole_calls_total": 149,
        "simple_loop_holes": 146,
        "hole_parse_error_records": 6,
        "other_unsupported_hole_contexts": 3
      },
      "Polygons": {
        "hole_calls_total": 357,
        "simple_loop_holes": 356,
        "hole_parse_error_records": 3,
        "other_unsupported_hole_contexts": 1,
        "circular_cutout_via_cut_circle_extrude": 0
      },
      "Rects": {
        "hole_parse_error_records": 6,
        "circular_cutout_via_cut_circle_extrude": 0
      }
    }
  },
  "sample_seen_counts": {
    "delete_chamfer": 127,
    "delete_circular_cutout": 178,
    "delete_fillet": 136,
    "delete_hole": 206,
    "delete_polygonal_cutout": 354
  },
  "sample_records_path": "C:\\Users\\13105\\Desktop\\AAAI\\outputs\\coverage_v3_delete_expanded\\chunks\\chunk_06\\preview_samples.jsonl",
  "render_gallery_path": "C:\\Users\\13105\\Desktop\\AAAI\\outputs\\coverage_v3_delete_expanded\\chunks\\chunk_06\\preview_gallery\\index.html"
}

