{"processed": 500, "elapsed_seconds": 64.11, "v1_candidates": null, "v2_candidates": null, "v3_candidates": null, "v4_candidates": 472}
{"processed": 1000, "elapsed_seconds": 127.65, "v1_candidates": null, "v2_candidates": null, "v3_candidates": null, "v4_candidates": 938}
{"processed": 1500, "elapsed_seconds": 191.68, "v1_candidates": null, "v2_candidates": null, "v3_candidates": null, "v4_candidates": 1402}
{"processed": 2000, "elapsed_seconds": 231.5, "v1_candidates": null, "v2_candidates": null, "v3_candidates": null, "v4_candidates": 1658}
{
  "input_path": "data_expert3_fixed_paths.jsonl",
  "input_records": 2490,
  "start_index": 1,
  "limit": 2490,
  "elapsed_seconds": 266.518,
  "category_records": {
    "Circles": 1500,
    "Rects": 990
  },
  "branches": {
    "v4_replace": {
      "branch": "V4 replace",
      "candidates": 1884,
      "validated": 1884,
      "failed_validation": 0,
      "pass_rate_percent": 100.0,
      "by_category": {
        "Circles": {
          "candidates": 1402,
          "validated": 1402,
          "failed_validation": 0,
          "pass_rate_percent": 100.0
        },
        "Polygons": {
          "candidates": 0,
          "validated": 0,
          "failed_validation": 0,
          "pass_rate_percent": 0.0
        },
        "Rects": {
          "candidates": 482,
          "validated": 482,
          "failed_validation": 0,
          "pass_rate_percent": 100.0
        }
      },
      "by_edit_type": {
        "replace_chamfer_with_fillet": {
          "candidates": 242,
          "validated": 242,
          "failed_validation": 0,
          "pass_rate_percent": 100.0
        },
        "replace_circular_cutout_with_polygonal_cutout": {
          "candidates": 472,
          "validated": 472,
          "failed_validation": 0,
          "pass_rate_percent": 100.0
        },
        "replace_circular_cutout_with_slot": {
          "candidates": 472,
          "validated": 472,
          "failed_validation": 0,
          "pass_rate_percent": 100.0
        },
        "replace_fillet_with_chamfer": {
          "candidates": 240,
          "validated": 240,
          "failed_validation": 0,
          "pass_rate_percent": 100.0
        },
        "replace_loop_holes_with_slots": {
          "candidates": 458,
          "validated": 458,
          "failed_validation": 0,
          "pass_rate_percent": 100.0
        }
      },
      "top_rejection_reasons": {
        "skipped_no_replace_candidate": 1078,
        "delete_skipped_no_delete_candidate": 1034,
        "delete_skipped_unsupported_hole_context": 461,
        "delete_skipped_syntax_error": 28,
        "delete_syntax_error:unexpected indent (<unknown>, line 3)": 23,
        "delete_skipped_geometry_error": 16,
        "delete_geometry_error:result variable was not defined": 16,
        "delete_skipped_unsupported_cut_context": 14,
        "delete_syntax_error:unexpected indent (<unknown>, line 2)": 3,
        "delete_syntax_error:invalid syntax (<unknown>, line 2)": 2
      }
    }
  },
  "v4_hole_diagnostics": {
    "overall": {
      "circular_cutout_via_cut_circle_extrude": 475,
      "hole_calls_total": 461,
      "simple_loop_holes": 458,
      "hole_parse_error_records": 28,
      "other_unsupported_hole_contexts": 3
    },
    "by_category": {
      "Circles": {
        "circular_cutout_via_cut_circle_extrude": 475,
        "hole_calls_total": 461,
        "simple_loop_holes": 458,
        "hole_parse_error_records": 23,
        "other_unsupported_hole_contexts": 3
      },
      "Rects": {
        "hole_parse_error_records": 5,
        "circular_cutout_via_cut_circle_extrude": 0
      }
    }
  },
  "sample_seen_counts": {
    "replace_chamfer_with_fillet": 242,
    "replace_circular_cutout_with_polygonal_cutout": 472,
    "replace_circular_cutout_with_slot": 472,
    "replace_fillet_with_chamfer": 240,
    "replace_loop_holes_with_slots": 458
  },
  "sample_records_path": "outputs\\coverage_v4_replace_expanded\\chunks\\chunk_00\\preview_samples.jsonl",
  "render_gallery_path": "outputs\\coverage_v4_replace_expanded\\chunks\\chunk_00\\preview_gallery\\index.html"
}

