{"processed": 500, "elapsed_seconds": 270.32, "v1_candidates": 1306, "v2_candidates": 1868, "v3_candidates": 314, "v4_candidates": 314}
{"processed": 1000, "elapsed_seconds": 592.56, "v1_candidates": 2599, "v2_candidates": 3740, "v3_candidates": 618, "v4_candidates": 618}
{"processed": 1500, "elapsed_seconds": 917.96, "v1_candidates": 3898, "v2_candidates": 5600, "v3_candidates": 930, "v4_candidates": 930}
{"processed": 2000, "elapsed_seconds": 1040.76, "v1_candidates": 4653, "v2_candidates": 7596, "v3_candidates": 930, "v4_candidates": 930}
{"processed": 2500, "elapsed_seconds": 1160.87, "v1_candidates": 5376, "v2_candidates": 9572, "v3_candidates": 930, "v4_candidates": 930}
{
  "input_path": "data_expert3_fixed_paths.jsonl",
  "input_records": 2500,
  "start_index": 1,
  "limit": 2500,
  "elapsed_seconds": 1160.873,
  "category_records": {
    "Circles": 1500,
    "Rects": 1000
  },
  "branches": {
    "v1_parameter": {
      "branch": "V1 parameter",
      "candidates": 5376,
      "validated": 5310,
      "failed_validation": 66,
      "pass_rate_percent": 98.7723,
      "by_category": {
        "Circles": {
          "candidates": 3898,
          "validated": 3873,
          "failed_validation": 25,
          "pass_rate_percent": 99.3586
        },
        "Polygons": {
          "candidates": 0,
          "validated": 0,
          "failed_validation": 0,
          "pass_rate_percent": 0.0
        },
        "Rects": {
          "candidates": 1478,
          "validated": 1437,
          "failed_validation": 41,
          "pass_rate_percent": 97.226
        }
      },
      "by_edit_type": {
        "chamfer": {
          "candidates": 245,
          "validated": 224,
          "failed_validation": 21,
          "pass_rate_percent": 91.4286
        },
        "circle": {
          "candidates": 1963,
          "validated": 1949,
          "failed_validation": 14,
          "pass_rate_percent": 99.2868
        },
        "extrude": {
          "candidates": 2467,
          "validated": 2456,
          "failed_validation": 11,
          "pass_rate_percent": 99.5541
        },
        "fillet": {
          "candidates": 240,
          "validated": 220,
          "failed_validation": 20,
          "pass_rate_percent": 91.6667
        },
        "hole": {
          "candidates": 461,
          "validated": 461,
          "failed_validation": 0,
          "pass_rate_percent": 100.0
        }
      },
      "top_rejection_reasons": {
        "validation:StdFail_NotDone: BRep_API: command not done": 41,
        "skipped_original_syntax_error": 28,
        "validation:result variable was not defined": 25,
        "skipped_no_candidates": 2
      }
    },
    "v2_add": {
      "branch": "V2 add",
      "candidates": 9572,
      "validated": 9572,
      "failed_validation": 0,
      "pass_rate_percent": 100.0,
      "by_category": {
        "Circles": {
          "candidates": 5600,
          "validated": 5600,
          "failed_validation": 0,
          "pass_rate_percent": 100.0
        },
        "Polygons": {
          "candidates": 0,
          "validated": 0,
          "failed_validation": 0,
          "pass_rate_percent": 0.0
        },
        "Rects": {
          "candidates": 3972,
          "validated": 3972,
          "failed_validation": 0,
          "pass_rate_percent": 100.0
        }
      },
      "by_edit_type": {
        "add_blind_hole": {
          "candidates": 2393,
          "validated": 2393,
          "failed_validation": 0,
          "pass_rate_percent": 100.0
        },
        "add_pocket": {
          "candidates": 2393,
          "validated": 2393,
          "failed_validation": 0,
          "pass_rate_percent": 100.0
        },
        "add_rectangular_slot": {
          "candidates": 2393,
          "validated": 2393,
          "failed_validation": 0,
          "pass_rate_percent": 100.0
        },
        "add_through_hole": {
          "candidates": 2393,
          "validated": 2393,
          "failed_validation": 0,
          "pass_rate_percent": 100.0
        }
      },
      "top_rejection_reasons": {
        "skipped_bad_candidate_geometry": 252,
        "skipped_geometry_error": 44,
        "geometry_error:unexpected indent (<cadquery_source>, line 3)": 23,
        "geometry_error:result variable was not defined": 16,
        "geometry_error:unexpected indent (<cadquery_source>, line 2)": 3,
        "geometry_error:invalid syntax (<cadquery_source>, line 2)": 2
      }
    },
    "v3_delete": {
      "branch": "V3 delete",
      "candidates": 930,
      "validated": 930,
      "failed_validation": 0,
      "pass_rate_percent": 100.0,
      "by_category": {
        "Circles": {
          "candidates": 930,
          "validated": 930,
          "failed_validation": 0,
          "pass_rate_percent": 100.0
        },
        "Polygons": {
          "candidates": 0,
          "validated": 0,
          "failed_validation": 0,
          "pass_rate_percent": 0.0
        },
        "Rects": {
          "candidates": 0,
          "validated": 0,
          "failed_validation": 0,
          "pass_rate_percent": 0.0
        }
      },
      "by_edit_type": {
        "delete_circular_cutout": {
          "candidates": 472,
          "validated": 472,
          "failed_validation": 0,
          "pass_rate_percent": 100.0
        },
        "delete_hole": {
          "candidates": 458,
          "validated": 458,
          "failed_validation": 0,
          "pass_rate_percent": 100.0
        }
      },
      "top_rejection_reasons": {
        "skipped_no_delete_candidate": 1526,
        "skipped_unsupported_hole_context": 461,
        "skipped_syntax_error": 28,
        "syntax_error:unexpected indent (<unknown>, line 3)": 23,
        "skipped_geometry_error": 16,
        "geometry_error:result variable was not defined": 16,
        "skipped_unsupported_cut_context": 14,
        "syntax_error:unexpected indent (<unknown>, line 2)": 3,
        "syntax_error:invalid syntax (<unknown>, line 2)": 2
      }
    },
    "v4_replace": {
      "branch": "V4 replace",
      "candidates": 930,
      "validated": 930,
      "failed_validation": 0,
      "pass_rate_percent": 100.0,
      "by_category": {
        "Circles": {
          "candidates": 930,
          "validated": 930,
          "failed_validation": 0,
          "pass_rate_percent": 100.0
        },
        "Polygons": {
          "candidates": 0,
          "validated": 0,
          "failed_validation": 0,
          "pass_rate_percent": 0.0
        },
        "Rects": {
          "candidates": 0,
          "validated": 0,
          "failed_validation": 0,
          "pass_rate_percent": 0.0
        }
      },
      "by_edit_type": {
        "replace_circular_cutout_with_slot": {
          "candidates": 472,
          "validated": 472,
          "failed_validation": 0,
          "pass_rate_percent": 100.0
        },
        "replace_loop_holes_with_slots": {
          "candidates": 458,
          "validated": 458,
          "failed_validation": 0,
          "pass_rate_percent": 100.0
        }
      },
      "top_rejection_reasons": {
        "skipped_no_replace_candidate": 1570,
        "delete_skipped_no_delete_candidate": 1526,
        "delete_skipped_unsupported_hole_context": 461,
        "delete_skipped_syntax_error": 28,
        "delete_syntax_error:unexpected indent (<unknown>, line 3)": 23,
        "delete_skipped_geometry_error": 16,
        "delete_geometry_error:result variable was not defined": 16,
        "delete_skipped_unsupported_cut_context": 14,
        "delete_syntax_error:unexpected indent (<unknown>, line 2)": 3,
        "delete_syntax_error:invalid syntax (<unknown>, line 2)": 2
      }
    }
  },
  "v4_hole_diagnostics": {
    "overall": {
      "circular_cutout_via_cut_circle_extrude": 475,
      "hole_calls_total": 461,
      "simple_loop_holes": 458,
      "hole_parse_error_records": 28,
      "other_unsupported_hole_contexts": 3
    },
    "by_category": {
      "Circles": {
        "circular_cutout_via_cut_circle_extrude": 475,
        "hole_calls_total": 461,
        "simple_loop_holes": 458,
        "hole_parse_error_records": 23,
        "other_unsupported_hole_contexts": 3
      },
      "Rects": {
        "hole_parse_error_records": 5,
        "circular_cutout_via_cut_circle_extrude": 0
      }
    }
  },
  "sample_seen_counts": {
    "add_blind_hole": 2393,
    "add_pocket": 2393,
    "add_rectangular_slot": 2393,
    "add_through_hole": 2393,
    "chamfer": 224,
    "circle": 1949,
    "delete_circular_cutout": 472,
    "delete_hole": 458,
    "extrude": 2456,
    "fillet": 220,
    "hole": 461,
    "replace_circular_cutout_with_slot": 472,
    "replace_loop_holes_with_slots": 458
  },
  "sample_records_path": "C:\\Users\\13105\\Desktop\\AAAI\\outputs\\coverage_expert3_expanded\\chunks\\chunk_01\\preview_samples.jsonl",
  "render_gallery_path": "C:\\Users\\13105\\Desktop\\AAAI\\outputs\\coverage_expert3_expanded\\chunks\\chunk_01\\preview_gallery\\index.html"
}

