{"processed": 500, "elapsed_seconds": 43.7, "v1_candidates": null, "v2_candidates": null, "v3_candidates": null, "v4_candidates": 261}
{"processed": 1000, "elapsed_seconds": 103.51, "v1_candidates": null, "v2_candidates": null, "v3_candidates": null, "v4_candidates": 536}
{"processed": 1500, "elapsed_seconds": 166.25, "v1_candidates": null, "v2_candidates": null, "v3_candidates": null, "v4_candidates": 800}
{"processed": 2000, "elapsed_seconds": 223.05, "v1_candidates": null, "v2_candidates": null, "v3_candidates": null, "v4_candidates": 1050}
{
  "input_path": "data_expert3_fixed_paths.jsonl",
  "input_records": 2490,
  "start_index": 9961,
  "limit": 2490,
  "elapsed_seconds": 281.338,
  "category_records": {
    "Polygons": 1974,
    "Rects": 516
  },
  "branches": {
    "v4_replace": {
      "branch": "V4 replace",
      "candidates": 1319,
      "validated": 554,
      "failed_validation": 765,
      "pass_rate_percent": 42.0015,
      "by_category": {
        "Circles": {
          "candidates": 0,
          "validated": 0,
          "failed_validation": 0,
          "pass_rate_percent": 0.0
        },
        "Polygons": {
          "candidates": 1046,
          "validated": 281,
          "failed_validation": 765,
          "pass_rate_percent": 26.8642
        },
        "Rects": {
          "candidates": 273,
          "validated": 273,
          "failed_validation": 0,
          "pass_rate_percent": 100.0
        }
      },
      "by_edit_type": {
        "replace_chamfer_with_fillet": {
          "candidates": 136,
          "validated": 136,
          "failed_validation": 0,
          "pass_rate_percent": 100.0
        },
        "replace_fillet_with_chamfer": {
          "candidates": 614,
          "validated": 137,
          "failed_validation": 477,
          "pass_rate_percent": 22.3127
        },
        "replace_loop_holes_with_slots": {
          "candidates": 69,
          "validated": 60,
          "failed_validation": 9,
          "pass_rate_percent": 86.9565
        },
        "replace_polygonal_cutout_with_circular_cutout": {
          "candidates": 471,
          "validated": 192,
          "failed_validation": 279,
          "pass_rate_percent": 40.7643
        },
        "replace_polygonal_cutout_with_slot": {
          "candidates": 29,
          "validated": 29,
          "failed_validation": 0,
          "pass_rate_percent": 100.0
        }
      },
      "top_rejection_reasons": {
        "skipped_no_replace_candidate": 1200,
        "delete_skipped_no_delete_candidate": 718,
        "delete_skipped_unsupported_hole_context": 514,
        "validation:failed check: bbox_stable": 462,
        "skipped_delete_validation_failed": 444,
        "skipped_slot_geometry": 442,
        "validation:failed check: new_feature_changed_region_local": 215,
        "validation:Bnd_Box is void": 64,
        "delete_skipped_syntax_error": 21,
        "delete_skipped_geometry_error": 17,
        "validation:BRep_API: command not done": 15,
        "delete_geometry_error:result variable was not defined": 13,
        "delete_syntax_error:unexpected indent (<unknown>, line 3)": 10,
        "validation:failed check: slot_changed_region_local": 9,
        "delete_syntax_error:unexpected indent (<unknown>, line 2)": 8,
        "delete_skipped_unsupported_cut_context": 5,
        "delete_geometry_error:Cannot cut type '<class 'ellipsis'>'": 3,
        "delete_syntax_error:invalid syntax (<unknown>, line 3)": 2,
        "delete_geometry_error:BRep_API: command not done": 1,
        "delete_syntax_error:invalid syntax (<unknown>, line 2)": 1
      }
    }
  },
  "v4_hole_diagnostics": {
    "overall": {
      "hole_calls_total": 514,
      "simple_loop_holes": 513,
      "hole_parse_error_records": 21,
      "other_unsupported_hole_contexts": 1,
      "circular_cutout_via_cut_circle_extrude": 0
    },
    "by_category": {
      "Polygons": {
        "hole_calls_total": 514,
        "simple_loop_holes": 513,
        "hole_parse_error_records": 19,
        "other_unsupported_hole_contexts": 1,
        "circular_cutout_via_cut_circle_extrude": 0
      },
      "Rects": {
        "hole_parse_error_records": 2,
        "circular_cutout_via_cut_circle_extrude": 0
      }
    }
  },
  "sample_seen_counts": {
    "replace_chamfer_with_fillet": 136,
    "replace_fillet_with_chamfer": 137,
    "replace_loop_holes_with_slots": 60,
    "replace_polygonal_cutout_with_circular_cutout": 192,
    "replace_polygonal_cutout_with_slot": 29
  },
  "sample_records_path": "outputs\\coverage_v4_replace_expanded\\chunks\\chunk_04\\preview_samples.jsonl",
  "render_gallery_path": "outputs\\coverage_v4_replace_expanded\\chunks\\chunk_04\\preview_gallery\\index.html"
}

