{"processed": 500, "elapsed_seconds": 155.23, "v1_candidates": 764, "v2_candidates": 1972, "v3_candidates": 9, "v4_candidates": 1}
{"processed": 1000, "elapsed_seconds": 430.63, "v1_candidates": 1620, "v2_candidates": 3924, "v3_candidates": 122, "v4_candidates": 16}
{"processed": 1500, "elapsed_seconds": 817.18, "v1_candidates": 2488, "v2_candidates": 5900, "v3_candidates": 260, "v4_candidates": 37}
{"processed": 2000, "elapsed_seconds": 1056.57, "v1_candidates": 3343, "v2_candidates": 7860, "v3_candidates": 389, "v4_candidates": 51}
{"processed": 2500, "elapsed_seconds": 1300.9, "v1_candidates": 4232, "v2_candidates": 9840, "v3_candidates": 528, "v4_candidates": 75}
{
  "input_path": "data_expert3_fixed_paths.jsonl",
  "input_records": 2500,
  "start_index": 10001,
  "limit": 2500,
  "elapsed_seconds": 1300.909,
  "category_records": {
    "Polygons": 2024,
    "Rects": 476
  },
  "branches": {
    "v1_parameter": {
      "branch": "V1 parameter",
      "candidates": 4232,
      "validated": 4149,
      "failed_validation": 83,
      "pass_rate_percent": 98.0388,
      "by_category": {
        "Circles": {
          "candidates": 0,
          "validated": 0,
          "failed_validation": 0,
          "pass_rate_percent": 0.0
        },
        "Polygons": {
          "candidates": 3512,
          "validated": 3457,
          "failed_validation": 55,
          "pass_rate_percent": 98.4339
        },
        "Rects": {
          "candidates": 720,
          "validated": 692,
          "failed_validation": 28,
          "pass_rate_percent": 96.1111
        }
      },
      "by_edit_type": {
        "chamfer": {
          "candidates": 121,
          "validated": 104,
          "failed_validation": 17,
          "pass_rate_percent": 85.9504
        },
        "extrude": {
          "candidates": 2969,
          "validated": 2958,
          "failed_validation": 11,
          "pass_rate_percent": 99.6295
        },
        "fillet": {
          "candidates": 613,
          "validated": 558,
          "failed_validation": 55,
          "pass_rate_percent": 91.0277
        },
        "hole": {
          "candidates": 529,
          "validated": 529,
          "failed_validation": 0,
          "pass_rate_percent": 100.0
        }
      },
      "top_rejection_reasons": {
        "validation:StdFail_NotDone: BRep_API: command not done": 73,
        "skipped_original_syntax_error": 20,
        "validation:result variable was not defined": 7,
        "skipped_no_candidates": 6,
        "validation:ValueError: Cannot cut type '<class 'ellipsis'>'": 3
      }
    },
    "v2_add": {
      "branch": "V2 add",
      "candidates": 9840,
      "validated": 9268,
      "failed_validation": 572,
      "pass_rate_percent": 94.187,
      "by_category": {
        "Circles": {
          "candidates": 0,
          "validated": 0,
          "failed_validation": 0,
          "pass_rate_percent": 0.0
        },
        "Polygons": {
          "candidates": 7960,
          "validated": 7388,
          "failed_validation": 572,
          "pass_rate_percent": 92.8141
        },
        "Rects": {
          "candidates": 1880,
          "validated": 1880,
          "failed_validation": 0,
          "pass_rate_percent": 100.0
        }
      },
      "by_edit_type": {
        "add_blind_hole": {
          "candidates": 2460,
          "validated": 2204,
          "failed_validation": 256,
          "pass_rate_percent": 89.5935
        },
        "add_pocket": {
          "candidates": 2460,
          "validated": 2393,
          "failed_validation": 67,
          "pass_rate_percent": 97.2764
        },
        "add_rectangular_slot": {
          "candidates": 2460,
          "validated": 2450,
          "failed_validation": 10,
          "pass_rate_percent": 99.5935
        },
        "add_through_hole": {
          "candidates": 2460,
          "validated": 2221,
          "failed_validation": 239,
          "pass_rate_percent": 90.2846
        }
      },
      "top_rejection_reasons": {
        "validation:changed-region check failed: Bnd_Box is void": 572,
        "skipped_geometry_error": 37,
        "geometry_error:result variable was not defined": 13,
        "skipped_bad_candidate_geometry": 12,
        "geometry_error:unexpected indent (<cadquery_source>, line 3)": 9,
        "geometry_error:unexpected indent (<cadquery_source>, line 2)": 8,
        "geometry_error:Cannot cut type '<class 'ellipsis'>'": 3,
        "geometry_error:invalid syntax (<cadquery_source>, line 3)": 2,
        "geometry_error:BRep_API: command not done": 1,
        "geometry_error:invalid syntax (<cadquery_source>, line 2)": 1
      }
    },
    "v3_delete": {
      "branch": "V3 delete",
      "candidates": 528,
      "validated": 75,
      "failed_validation": 453,
      "pass_rate_percent": 14.2045,
      "by_category": {
        "Circles": {
          "candidates": 0,
          "validated": 0,
          "failed_validation": 0,
          "pass_rate_percent": 0.0
        },
        "Polygons": {
          "candidates": 528,
          "validated": 75,
          "failed_validation": 453,
          "pass_rate_percent": 14.2045
        },
        "Rects": {
          "candidates": 0,
          "validated": 0,
          "failed_validation": 0,
          "pass_rate_percent": 0.0
        }
      },
      "by_edit_type": {
        "delete_hole": {
          "candidates": 528,
          "validated": 75,
          "failed_validation": 453,
          "pass_rate_percent": 14.2045
        }
      },
      "top_rejection_reasons": {
        "skipped_no_delete_candidate": 1935,
        "skipped_unsupported_hole_context": 529,
        "skipped_unsupported_cut_context": 495,
        "validation:failed check: bbox_stable": 395,
        "validation:failed check: changed_region_not_global": 48,
        "skipped_syntax_error": 20,
        "skipped_geometry_error": 17,
        "geometry_error:result variable was not defined": 13,
        "validation:changed-region check failed: Bnd_Box is void": 10,
        "syntax_error:unexpected indent (<unknown>, line 3)": 9,
        "syntax_error:unexpected indent (<unknown>, line 2)": 8,
        "geometry_error:Cannot cut type '<class 'ellipsis'>'": 3,
        "syntax_error:invalid syntax (<unknown>, line 3)": 2,
        "geometry_error:BRep_API: command not done": 1,
        "syntax_error:invalid syntax (<unknown>, line 2)": 1
      }
    },
    "v4_replace": {
      "branch": "V4 replace",
      "candidates": 75,
      "validated": 66,
      "failed_validation": 9,
      "pass_rate_percent": 88.0,
      "by_category": {
        "Circles": {
          "candidates": 0,
          "validated": 0,
          "failed_validation": 0,
          "pass_rate_percent": 0.0
        },
        "Polygons": {
          "candidates": 75,
          "validated": 66,
          "failed_validation": 9,
          "pass_rate_percent": 88.0
        },
        "Rects": {
          "candidates": 0,
          "validated": 0,
          "failed_validation": 0,
          "pass_rate_percent": 0.0
        }
      },
      "by_edit_type": {
        "replace_loop_holes_with_slots": {
          "candidates": 75,
          "validated": 66,
          "failed_validation": 9,
          "pass_rate_percent": 88.0
        }
      },
      "top_rejection_reasons": {
        "skipped_no_replace_candidate": 2425,
        "delete_skipped_no_delete_candidate": 1935,
        "delete_skipped_unsupported_hole_context": 529,
        "delete_skipped_unsupported_cut_context": 495,
        "skipped_delete_validation_failed": 453,
        "delete_skipped_syntax_error": 20,
        "delete_skipped_geometry_error": 17,
        "delete_geometry_error:result variable was not defined": 13,
        "delete_syntax_error:unexpected indent (<unknown>, line 3)": 9,
        "validation:failed check: slot_changed_region_local": 9,
        "delete_syntax_error:unexpected indent (<unknown>, line 2)": 8,
        "delete_geometry_error:Cannot cut type '<class 'ellipsis'>'": 3,
        "delete_syntax_error:invalid syntax (<unknown>, line 3)": 2,
        "delete_geometry_error:BRep_API: command not done": 1,
        "delete_syntax_error:invalid syntax (<unknown>, line 2)": 1
      }
    }
  },
  "v4_hole_diagnostics": {
    "overall": {
      "hole_calls_total": 529,
      "simple_loop_holes": 528,
      "hole_parse_error_records": 20,
      "other_unsupported_hole_contexts": 1,
      "circular_cutout_via_cut_circle_extrude": 0
    },
    "by_category": {
      "Polygons": {
        "hole_calls_total": 529,
        "simple_loop_holes": 528,
        "hole_parse_error_records": 19,
        "other_unsupported_hole_contexts": 1,
        "circular_cutout_via_cut_circle_extrude": 0
      },
      "Rects": {
        "hole_parse_error_records": 1,
        "circular_cutout_via_cut_circle_extrude": 0
      }
    }
  },
  "sample_seen_counts": {
    "add_blind_hole": 2204,
    "add_pocket": 2393,
    "add_rectangular_slot": 2450,
    "add_through_hole": 2221,
    "chamfer": 104,
    "delete_hole": 75,
    "extrude": 2958,
    "fillet": 558,
    "hole": 529,
    "replace_loop_holes_with_slots": 66
  },
  "sample_records_path": "C:\\Users\\13105\\Desktop\\AAAI\\outputs\\coverage_expert3_expanded\\chunks\\chunk_05\\preview_samples.jsonl",
  "render_gallery_path": "C:\\Users\\13105\\Desktop\\AAAI\\outputs\\coverage_expert3_expanded\\chunks\\chunk_05\\preview_gallery\\index.html"
}

