{"processed": 500, "elapsed_seconds": 142.13, "v1_candidates": 743, "v2_candidates": 1980, "v3_candidates": 1, "v4_candidates": 0}
{"processed": 1000, "elapsed_seconds": 421.4, "v1_candidates": 1602, "v2_candidates": 3980, "v3_candidates": 116, "v4_candidates": 19}
{"processed": 1500, "elapsed_seconds": 809.84, "v1_candidates": 2484, "v2_candidates": 5980, "v3_candidates": 255, "v4_candidates": 40}
{"processed": 2000, "elapsed_seconds": 1059.33, "v1_candidates": 3369, "v2_candidates": 7980, "v3_candidates": 393, "v4_candidates": 72}
{"processed": 2500, "elapsed_seconds": 1293.63, "v1_candidates": 4692, "v2_candidates": 9864, "v3_candidates": 717, "v4_candidates": 396}
{
  "input_path": "data_expert3_fixed_paths.jsonl",
  "input_records": 2500,
  "start_index": 2501,
  "limit": 2500,
  "elapsed_seconds": 1293.634,
  "category_records": {
    "Circles": 520,
    "Polygons": 1482,
    "Rects": 498
  },
  "branches": {
    "v1_parameter": {
      "branch": "V1 parameter",
      "candidates": 4692,
      "validated": 4613,
      "failed_validation": 79,
      "pass_rate_percent": 98.3163,
      "by_category": {
        "Circles": {
          "candidates": 1372,
          "validated": 1366,
          "failed_validation": 6,
          "pass_rate_percent": 99.5627
        },
        "Polygons": {
          "candidates": 2581,
          "validated": 2538,
          "failed_validation": 43,
          "pass_rate_percent": 98.334
        },
        "Rects": {
          "candidates": 739,
          "validated": 709,
          "failed_validation": 30,
          "pass_rate_percent": 95.9405
        }
      },
      "by_edit_type": {
        "chamfer": {
          "candidates": 129,
          "validated": 111,
          "failed_validation": 18,
          "pass_rate_percent": 86.0465
        },
        "circle": {
          "candidates": 699,
          "validated": 696,
          "failed_validation": 3,
          "pass_rate_percent": 99.5708
        },
        "extrude": {
          "candidates": 2857,
          "validated": 2854,
          "failed_validation": 3,
          "pass_rate_percent": 99.895
        },
        "fillet": {
          "candidates": 468,
          "validated": 413,
          "failed_validation": 55,
          "pass_rate_percent": 88.2479
        },
        "hole": {
          "candidates": 539,
          "validated": 539,
          "failed_validation": 0,
          "pass_rate_percent": 100.0
        }
      },
      "top_rejection_reasons": {
        "validation:StdFail_NotDone: BRep_API: command not done": 73,
        "validation:result variable was not defined": 6,
        "skipped_no_candidates": 3,
        "skipped_original_syntax_error": 3
      }
    },
    "v2_add": {
      "branch": "V2 add",
      "candidates": 9864,
      "validated": 9467,
      "failed_validation": 397,
      "pass_rate_percent": 95.9753,
      "by_category": {
        "Circles": {
          "candidates": 1964,
          "validated": 1964,
          "failed_validation": 0,
          "pass_rate_percent": 100.0
        },
        "Polygons": {
          "candidates": 5928,
          "validated": 5531,
          "failed_validation": 397,
          "pass_rate_percent": 93.303
        },
        "Rects": {
          "candidates": 1972,
          "validated": 1972,
          "failed_validation": 0,
          "pass_rate_percent": 100.0
        }
      },
      "by_edit_type": {
        "add_blind_hole": {
          "candidates": 2466,
          "validated": 2292,
          "failed_validation": 174,
          "pass_rate_percent": 92.944
        },
        "add_pocket": {
          "candidates": 2466,
          "validated": 2412,
          "failed_validation": 54,
          "pass_rate_percent": 97.8102
        },
        "add_rectangular_slot": {
          "candidates": 2466,
          "validated": 2459,
          "failed_validation": 7,
          "pass_rate_percent": 99.7161
        },
        "add_through_hole": {
          "candidates": 2466,
          "validated": 2304,
          "failed_validation": 162,
          "pass_rate_percent": 93.4307
        }
      },
      "top_rejection_reasons": {
        "validation:changed-region check failed: Bnd_Box is void": 397,
        "skipped_bad_candidate_geometry": 100,
        "skipped_geometry_error": 9,
        "geometry_error:result variable was not defined": 6,
        "geometry_error:unexpected indent (<cadquery_source>, line 3)": 2,
        "geometry_error:unexpected indent (<cadquery_source>, line 2)": 1
      }
    },
    "v3_delete": {
      "branch": "V3 delete",
      "candidates": 717,
      "validated": 396,
      "failed_validation": 321,
      "pass_rate_percent": 55.2301,
      "by_category": {
        "Circles": {
          "candidates": 332,
          "validated": 332,
          "failed_validation": 0,
          "pass_rate_percent": 100.0
        },
        "Polygons": {
          "candidates": 385,
          "validated": 64,
          "failed_validation": 321,
          "pass_rate_percent": 16.6234
        },
        "Rects": {
          "candidates": 0,
          "validated": 0,
          "failed_validation": 0,
          "pass_rate_percent": 0.0
        }
      },
      "by_edit_type": {
        "delete_circular_cutout": {
          "candidates": 178,
          "validated": 178,
          "failed_validation": 0,
          "pass_rate_percent": 100.0
        },
        "delete_hole": {
          "candidates": 539,
          "validated": 218,
          "failed_validation": 321,
          "pass_rate_percent": 40.4453
        }
      },
      "top_rejection_reasons": {
        "skipped_no_delete_candidate": 1774,
        "skipped_unsupported_hole_context": 539,
        "skipped_unsupported_cut_context": 365,
        "validation:failed check: bbox_stable": 278,
        "validation:failed check: changed_region_not_global": 38,
        "skipped_geometry_error": 6,
        "geometry_error:result variable was not defined": 6,
        "validation:changed-region check failed: Bnd_Box is void": 5,
        "skipped_syntax_error": 3,
        "syntax_error:unexpected indent (<unknown>, line 3)": 2,
        "syntax_error:unexpected indent (<unknown>, line 2)": 1
      }
    },
    "v4_replace": {
      "branch": "V4 replace",
      "candidates": 396,
      "validated": 392,
      "failed_validation": 4,
      "pass_rate_percent": 98.9899,
      "by_category": {
        "Circles": {
          "candidates": 332,
          "validated": 332,
          "failed_validation": 0,
          "pass_rate_percent": 100.0
        },
        "Polygons": {
          "candidates": 64,
          "validated": 60,
          "failed_validation": 4,
          "pass_rate_percent": 93.75
        },
        "Rects": {
          "candidates": 0,
          "validated": 0,
          "failed_validation": 0,
          "pass_rate_percent": 0.0
        }
      },
      "by_edit_type": {
        "replace_circular_cutout_with_slot": {
          "candidates": 178,
          "validated": 178,
          "failed_validation": 0,
          "pass_rate_percent": 100.0
        },
        "replace_loop_holes_with_slots": {
          "candidates": 218,
          "validated": 214,
          "failed_validation": 4,
          "pass_rate_percent": 98.1651
        }
      },
      "top_rejection_reasons": {
        "skipped_no_replace_candidate": 2104,
        "delete_skipped_no_delete_candidate": 1774,
        "delete_skipped_unsupported_hole_context": 539,
        "delete_skipped_unsupported_cut_context": 365,
        "skipped_delete_validation_failed": 321,
        "delete_skipped_geometry_error": 6,
        "delete_geometry_error:result variable was not defined": 6,
        "validation:failed check: slot_changed_region_local": 4,
        "delete_skipped_syntax_error": 3,
        "delete_syntax_error:unexpected indent (<unknown>, line 3)": 2,
        "delete_syntax_error:unexpected indent (<unknown>, line 2)": 1
      }
    }
  },
  "v4_hole_diagnostics": {
    "overall": {
      "hole_calls_total": 539,
      "simple_loop_holes": 539,
      "circular_cutout_via_cut_circle_extrude": 179,
      "hole_parse_error_records": 3
    },
    "by_category": {
      "Circles": {
        "circular_cutout_via_cut_circle_extrude": 179,
        "hole_calls_total": 154,
        "simple_loop_holes": 154,
        "hole_parse_error_records": 1
      },
      "Polygons": {
        "hole_calls_total": 385,
        "simple_loop_holes": 385,
        "circular_cutout_via_cut_circle_extrude": 0
      },
      "Rects": {
        "hole_parse_error_records": 2,
        "circular_cutout_via_cut_circle_extrude": 0
      }
    }
  },
  "sample_seen_counts": {
    "add_blind_hole": 2292,
    "add_pocket": 2412,
    "add_rectangular_slot": 2459,
    "add_through_hole": 2304,
    "chamfer": 111,
    "circle": 696,
    "delete_circular_cutout": 178,
    "delete_hole": 218,
    "extrude": 2854,
    "fillet": 413,
    "hole": 539,
    "replace_circular_cutout_with_slot": 178,
    "replace_loop_holes_with_slots": 214
  },
  "sample_records_path": "C:\\Users\\13105\\Desktop\\AAAI\\outputs\\coverage_expert3_expanded\\chunks\\chunk_02\\preview_samples.jsonl",
  "render_gallery_path": "C:\\Users\\13105\\Desktop\\AAAI\\outputs\\coverage_expert3_expanded\\chunks\\chunk_02\\preview_gallery\\index.html"
}

